// Jest Snapshot v1, https://goo.gl/fbAQLP

exports[`Header renders correctly 1`] = `
<div
  className="sc-bdVaJa dSFqaK"
>
  <a
    className="btn-lg"
    href="/"
  >
    Home
  </a>
  <a
    className="btn-lg"
    href="/wordpress-hosting"
  >
    Wordpress-Hosting
  </a>
</div>
`;
